{"sample": 0, "policy": "adaptive", "scores": [1.2739642333984376], "seconds": 2.6526}
{"sample": 0, "policy": "never", "scores": [0.8373715454101562], "seconds": 2.442}
{"sample": 0, "policy": "periodic", "scores": [1.0253503173828125], "seconds": 2.4934}
{"sample": 0, "policy": "always", "scores": [0.0], "seconds": 2.5611}
{"sample": 0, "policy": "overfit", "scores": [1.4911663818359375], "seconds": 2.5578}
{"sample": 1, "policy": "adaptive", "scores": [1.2782568481445313], "seconds": 2.6609}
{"sample": 1, "policy": "never", "scores": [0.8390080688476562], "seconds": 2.5017}
{"sample": 1, "policy": "periodic", "scores": [1.0339421264648438], "seconds": 2.5918}
{"sample": 1, "policy": "always", "scores": [0.0], "seconds": 2.7064}
{"sample": 1, "policy": "overfit", "scores": [0.0], "seconds": 2.6459}
{"sample": 2, "policy": "adaptive", "scores": [1.278948681640625], "seconds": 2.7633}
{"sample": 2, "policy": "never", "scores": [0.8396744140625], "seconds": 2.5435}
{"sample": 2, "policy": "periodic", "scores": [1.0308356079101562], "seconds": 2.9084}
{"sample": 2, "policy": "always", "scores": [0.0], "seconds": 2.7016}
{"sample": 2, "policy": "overfit", "scores": [0.0], "seconds": 2.7013}
{"sample": 3, "policy": "adaptive", "scores": [1.2836964477539063], "seconds": 2.7354}
{"sample": 3, "policy": "never", "scores": [0.8450962280273437], "seconds": 2.7106}
{"sample": 3, "policy": "periodic", "scores": [1.0382982666015625], "seconds": 2.6213}
{"sample": 3, "policy": "always", "scores": [0.0], "seconds": 2.6712}
{"sample": 3, "policy": "overfit", "scores": [0.0], "seconds": 2.7933}
{"sample": 4, "policy": "adaptive", "scores": [1.2747348388671875], "seconds": 2.9102}
{"sample": 4, "policy": "never", "scores": [0.8443166748046875], "seconds": 2.6964}
{"sample": 4, "policy": "periodic", "scores": [1.0354660522460937], "seconds": 2.6992}
{"sample": 4, "policy": "always", "scores": [0.0], "seconds": 2.8275}
{"sample": 4, "policy": "overfit", "scores": [0.0], "seconds": 2.7155}
{"sample": 5, "policy": "adaptive", "scores": [1.2717977783203125], "seconds": 2.774}
{"sample": 5, "policy": "never", "scores": [0.8383672119140625], "seconds": 2.5838}
{"sample": 5, "policy": "periodic", "scores": [1.03038076171875], "seconds": 2.7163}
{"sample": 5, "policy": "always", "scores": [0.0], "seconds": 2.659}
{"sample": 5, "policy": "overfit", "scores": [0.0], "seconds": 2.8126}
{"sample": 6, "policy": "adaptive", "scores": [1.2836693237304688], "seconds": 2.8646}
{"sample": 6, "policy": "never", "scores": [0.8476294067382812], "seconds": 2.5917}
{"sample": 6, "policy": "periodic", "scores": [1.0438348510742188], "seconds": 2.7626}
{"sample": 6, "policy": "always", "scores": [0.0], "seconds": 2.7404}
{"sample": 6, "policy": "overfit", "scores": [0.0], "seconds": 2.7203}
{"sample": 7, "policy": "adaptive", "scores": [1.2832991577148438], "seconds": 2.7557}
{"sample": 7, "policy": "never", "scores": [0.8475078735351562], "seconds": 2.6908}
{"sample": 7, "policy": "periodic", "scores": [1.038877880859375], "seconds": 2.7148}
{"sample": 7, "policy": "always", "scores": [0.0], "seconds": 2.6268}
{"sample": 7, "policy": "overfit", "scores": [0.0], "seconds": 2.7612}
{"sample": 8, "policy": "adaptive", "scores": [1.2796579467773437], "seconds": 2.7606}
{"sample": 8, "policy": "never", "scores": [0.8427130249023438], "seconds": 2.5476}
{"sample": 8, "policy": "periodic", "scores": [1.0351678344726563], "seconds": 2.7071}
{"sample": 8, "policy": "always", "scores": [0.0], "seconds": 2.6831}
{"sample": 8, "policy": "overfit", "scores": [0.0], "seconds": 2.7825}
{"sample": 9, "policy": "adaptive", "scores": [1.2825116455078125], "seconds": 2.7842}
{"sample": 9, "policy": "never", "scores": [0.839321923828125], "seconds": 2.5489}
{"sample": 9, "policy": "periodic", "scores": [1.0390614135742187], "seconds": 2.6994}
{"sample": 9, "policy": "always", "scores": [0.0], "seconds": 2.6545}
{"sample": 9, "policy": "overfit", "scores": [0.0], "seconds": 2.7335}
{"sample": 10, "policy": "adaptive", "scores": [1.278328173828125], "seconds": 2.8337}
{"sample": 10, "policy": "never", "scores": [0.848656396484375], "seconds": 2.5823}
{"sample": 10, "policy": "periodic", "scores": [1.0310499633789063], "seconds": 2.612}
{"sample": 10, "policy": "always", "scores": [0.0], "seconds": 2.5831}
{"sample": 10, "policy": "overfit", "scores": [0.0], "seconds": 2.6712}
{"sample": 11, "policy": "adaptive", "scores": [1.2741523803710937], "seconds": 3.0335}
{"sample": 11, "policy": "never", "scores": [0.8368117553710938], "seconds": 2.6337}
{"sample": 11, "policy": "periodic", "scores": [1.0338285400390625], "seconds": 2.6282}
{"sample": 11, "policy": "always", "scores": [0.0], "seconds": 2.588}
{"sample": 11, "policy": "overfit", "scores": [0.0], "seconds": 2.6826}
{"sample": 12, "policy": "adaptive", "scores": [1.281686279296875], "seconds": 2.7208}
{"sample": 12, "policy": "never", "scores": [0.8454849731445313], "seconds": 2.5178}
{"sample": 12, "policy": "periodic", "scores": [1.0311319213867187], "seconds": 2.5946}
{"sample": 12, "policy": "always", "scores": [0.0], "seconds": 2.5933}
{"sample": 12, "policy": "overfit", "scores": [0.0], "seconds": 2.6765}
{"sample": 13, "policy": "adaptive", "scores": [1.2746929443359376], "seconds": 2.7427}
{"sample": 13, "policy": "never", "scores": [0.8384448486328125], "seconds": 2.54}
{"sample": 13, "policy": "periodic", "scores": [1.03263955078125], "seconds": 2.5947}
{"sample": 13, "policy": "always", "scores": [0.0], "seconds": 2.5883}
{"sample": 13, "policy": "overfit", "scores": [0.0], "seconds": 2.6639}
{"sample": 14, "policy": "adaptive", "scores": [1.2745699340820313], "seconds": 2.7033}
{"sample": 14, "policy": "never", "scores": [0.845961083984375], "seconds": 2.524}
{"sample": 14, "policy": "periodic", "scores": [1.0261880981445313], "seconds": 2.6556}
{"sample": 14, "policy": "always", "scores": [0.0], "seconds": 2.5789}
{"sample": 14, "policy": "overfit", "scores": [0.0], "seconds": 2.6525}
{"sample": 15, "policy": "adaptive", "scores": [1.27101171875], "seconds": 2.7405}
{"sample": 15, "policy": "never", "scores": [0.8428959716796876], "seconds": 2.5335}
{"sample": 15, "policy": "periodic", "scores": [1.0349031860351563], "seconds": 2.7034}
{"sample": 15, "policy": "always", "scores": [0.0], "seconds": 2.706}
{"sample": 15, "policy": "overfit", "scores": [0.0], "seconds": 2.7329}
{"sample": 16, "policy": "adaptive", "scores": [1.2857830932617187], "seconds": 2.7887}
{"sample": 16, "policy": "never", "scores": [0.843004833984375], "seconds": 2.6069}
{"sample": 16, "policy": "periodic", "scores": [1.0409822143554688], "seconds": 2.6823}
{"sample": 16, "policy": "always", "scores": [0.0], "seconds": 2.6796}
{"sample": 16, "policy": "overfit", "scores": [0.0], "seconds": 2.7388}
{"sample": 17, "policy": "adaptive", "scores": [1.2745094970703126], "seconds": 2.8391}
{"sample": 17, "policy": "never", "scores": [0.844941943359375], "seconds": 2.6035}
{"sample": 17, "policy": "periodic", "scores": [1.0390047485351563], "seconds": 2.7143}
{"sample": 17, "policy": "always", "scores": [0.0], "seconds": 2.6846}
{"sample": 17, "policy": "overfit", "scores": [0.0], "seconds": 2.745}
{"sample": 18, "policy": "adaptive", "scores": [1.2771605346679689], "seconds": 2.8826}
{"sample": 18, "policy": "never", "scores": [0.8416158569335938], "seconds": 2.6963}
{"sample": 18, "policy": "periodic", "scores": [1.0358594482421875], "seconds": 2.6832}
{"sample": 18, "policy": "always", "scores": [0.0], "seconds": 2.7766}
{"sample": 18, "policy": "overfit", "scores": [0.0], "seconds": 2.7446}
{"sample": 19, "policy": "adaptive", "scores": [1.277375732421875], "seconds": 2.8143}
{"sample": 19, "policy": "never", "scores": [0.842910205078125], "seconds": 2.6141}
{"sample": 19, "policy": "periodic", "scores": [1.0288729614257812], "seconds": 2.6861}
{"sample": 19, "policy": "always", "scores": [0.0], "seconds": 2.6878}
{"sample": 19, "policy": "overfit", "scores": [0.0], "seconds": 2.7495}
adaptive mean 1.2779903594970703 round_sd 0.004328905559082919 quarter_margin 0.003194975898742676
never mean 0.8425867120361328 round_sd 0.003626651848655508 quarter_margin 0.002106466780090332
periodic mean 1.0342837872314452 round_sd 0.00485927950932335 quarter_margin 0.002585709468078613
always mean 0.0 round_sd 0.0 quarter_margin 0.0
overfit mean 0.07455831909179687 round_sd 0.3334349395547564 quarter_margin 0.0001863957977294922
